#-----------------------------------------------------------
# Vivado v2018.2.1 (64-bit)
# SW Build 2288692 on Thu Jul 26 18:24:02 MDT 2018
# IP Build 2289599 on Thu Jul 26 21:09:20 MDT 2018
# Start of session at: Wed Dec  4 10:34:34 2019
# Process ID: 436
# Current directory: N:/ECE540/540FinalProject
# Command line: vivado.exe -gui_launcher_event rodinguilauncherevent8692 N:\ECE540\540FinalProject\ece_540_project_4_v1.xpr
# Log file: N:/ECE540/540FinalProject/vivado.log
# Journal file: N:/ECE540/540FinalProject\vivado.jou
#-----------------------------------------------------------
start_gui
open_project N:/ECE540/540FinalProject/ece_540_project_4_v1.xpr
open_hw
connect_hw_server
open_hw_target
set_property PROGRAM.FILE {N:/ECE540/540FinalProject/ece_540_project_4_v1.runs/impl_1/mfp_nexys4_ddr.bit} [get_hw_devices xc7a100t_0]
current_hw_device [get_hw_devices xc7a100t_0]
refresh_hw_device -update_hw_probes false [lindex [get_hw_devices xc7a100t_0] 0]
update_compile_order -fileset sources_1
set_property PROBES.FILE {} [get_hw_devices xc7a100t_0]
set_property FULL_PROBES.FILE {} [get_hw_devices xc7a100t_0]
set_property PROGRAM.FILE {N:/ECE540/540FinalProject/ece_540_project_4_v1.runs/impl_1/mfp_nexys4_ddr.bit} [get_hw_devices xc7a100t_0]
program_hw_devices [get_hw_devices xc7a100t_0]
refresh_hw_device [lindex [get_hw_devices xc7a100t_0] 0]
reset_run synth_1
launch_runs impl_1 -to_step write_bitstream -jobs 2
wait_on_run impl_1
reset_run synth_1
launch_runs impl_1 -to_step write_bitstream -jobs 2
wait_on_run impl_1
reset_run synth_1
launch_runs impl_1 -to_step write_bitstream -jobs 2
wait_on_run impl_1
set_property PROBES.FILE {} [get_hw_devices xc7a100t_0]
set_property FULL_PROBES.FILE {} [get_hw_devices xc7a100t_0]
set_property PROGRAM.FILE {N:/ECE540/540FinalProject/ece_540_project_4_v1.runs/impl_1/mfp_nexys4_ddr.bit} [get_hw_devices xc7a100t_0]
program_hw_devices [get_hw_devices xc7a100t_0]
refresh_hw_device [lindex [get_hw_devices xc7a100t_0] 0]
close_hw
reset_run synth_1
launch_runs impl_1 -to_step write_bitstream -jobs 2
wait_on_run impl_1
update_compile_order -fileset sources_1
update_compile_order -fileset sources_1
import_files
