#-----------------------------------------------------------
# Vivado v2018.2.1 (64-bit)
# SW Build 2288692 on Thu Jul 26 18:24:02 MDT 2018
# IP Build 2289599 on Thu Jul 26 21:09:20 MDT 2018
# Start of session at: Tue Nov 26 14:31:02 2019
# Process ID: 3400
# Current directory: N:/ECE540/540FinalProject/Worldselect/worldselect_project
# Command line: vivado.exe -gui_launcher_event rodinguilauncherevent11220 N:\ECE540\540FinalProject\Worldselect\worldselect_project\worldselect_project.xpr
# Log file: N:/ECE540/540FinalProject/Worldselect/worldselect_project/vivado.log
# Journal file: N:/ECE540/540FinalProject/Worldselect/worldselect_project\vivado.jou
#-----------------------------------------------------------
start_gui
open_project N:/ECE540/540FinalProject/Worldselect/worldselect_project/worldselect_project.xpr
update_compile_order -fileset sources_1
update_compile_order -fileset sim_1
update_compile_order -fileset sim_1
launch_simulation
launch_simulation
synth_design -rtl -name rtl_1
launch_simulation
launch_simulation
launch_simulation
source top.tcl
run all
close_sim
launch_simulation
source top.tcl
run all
close_sim
launch_simulation
source top.tcl
close_sim
launch_simulation
source top.tcl
run all
run all
close_sim
launch_simulation
source top.tcl
run 100 us
run 100 us
close_sim
launch_simulation
source top.tcl
run all
save_wave_config {N:/ECE540/540FinalProject/Worldselect/worldselect_project/top_behav.wcfg}
close_sim
launch_simulation
source top.tcl
set_property SOURCE_SET sources_1 [get_filesets sim_1]
import_files -fileset sim_1 -norecurse N:/ECE540/540FinalProject/Worldselect/worldselect_project/top_behav.wcfg
close_sim
launch_simulation
open_wave_config N:/ECE540/540FinalProject/Worldselect/worldselect_project/worldselect_project.srcs/sim_1/imports/worldselect_project/top_behav.wcfg
source top.tcl
run all
close_sim
launch_simulation
open_wave_config N:/ECE540/540FinalProject/Worldselect/worldselect_project/worldselect_project.srcs/sim_1/imports/worldselect_project/top_behav.wcfg
source top.tcl
run 100 us
close_sim
launch_simulation
open_wave_config N:/ECE540/540FinalProject/Worldselect/worldselect_project/worldselect_project.srcs/sim_1/imports/worldselect_project/top_behav.wcfg
source top.tcl
run 100 us
close_sim
launch_simulation
open_wave_config N:/ECE540/540FinalProject/Worldselect/worldselect_project/worldselect_project.srcs/sim_1/imports/worldselect_project/top_behav.wcfg
source top.tcl
run 100 us
run 100 us
run 100 us
run 100 us
run 100 us
close_sim
launch_simulation
open_wave_config N:/ECE540/540FinalProject/Worldselect/worldselect_project/worldselect_project.srcs/sim_1/imports/worldselect_project/top_behav.wcfg
source top.tcl
run all
close_sim
launch_simulation
launch_simulation
open_wave_config N:/ECE540/540FinalProject/Worldselect/worldselect_project/worldselect_project.srcs/sim_1/imports/worldselect_project/top_behav.wcfg
source top.tcl
run 100 us
run all
close_sim
launch_simulation
open_wave_config N:/ECE540/540FinalProject/Worldselect/worldselect_project/worldselect_project.srcs/sim_1/imports/worldselect_project/top_behav.wcfg
source top.tcl
run 100 us
synth_design -rtl -name rtl_1
close_sim
launch_simulation
open_wave_config N:/ECE540/540FinalProject/Worldselect/worldselect_project/worldselect_project.srcs/sim_1/imports/worldselect_project/top_behav.wcfg
source top.tcl
run 100 us
close_sim
launch_simulation
launch_simulation
open_wave_config N:/ECE540/540FinalProject/Worldselect/worldselect_project/worldselect_project.srcs/sim_1/imports/worldselect_project/top_behav.wcfg
source top.tcl
run 100 us
close_sim
launch_simulation
open_wave_config N:/ECE540/540FinalProject/Worldselect/worldselect_project/worldselect_project.srcs/sim_1/imports/worldselect_project/top_behav.wcfg
source top.tcl
run 100 us
run all
run all
close_sim
launch_simulation
open_wave_config N:/ECE540/540FinalProject/Worldselect/worldselect_project/worldselect_project.srcs/sim_1/imports/worldselect_project/top_behav.wcfg
source top.tcl
run all
close_sim
launch_simulation
open_wave_config N:/ECE540/540FinalProject/Worldselect/worldselect_project/worldselect_project.srcs/sim_1/imports/worldselect_project/top_behav.wcfg
source top.tcl
close_sim
launch_simulation
open_wave_config N:/ECE540/540FinalProject/Worldselect/worldselect_project/worldselect_project.srcs/sim_1/imports/worldselect_project/top_behav.wcfg
source top.tcl
run 100 us
add_bp {N:/ECE540/540FinalProject/Testbench/Worldselect/testbench.v} 41
remove_bps -file {N:/ECE540/540FinalProject/Testbench/Worldselect/testbench.v} -line 41
add_bp {N:/ECE540/540FinalProject/Testbench/Worldselect/testbench.v} 41
remove_bps -file {N:/ECE540/540FinalProject/Testbench/Worldselect/testbench.v} -line 41
add_bp {N:/ECE540/540FinalProject/Testbench/Worldselect/testbench.v} 56
close_sim
launch_simulation
open_wave_config N:/ECE540/540FinalProject/Worldselect/worldselect_project/worldselect_project.srcs/sim_1/imports/worldselect_project/top_behav.wcfg
source top.tcl
run 100 us
run all
remove_bps -file {N:/ECE540/540FinalProject/Testbench/Worldselect/testbench.v} -line 56
add_bp {N:/ECE540/540FinalProject/Testbench/Worldselect/testbench.v} 60
run all
remove_bps -file {N:/ECE540/540FinalProject/Testbench/Worldselect/testbench.v} -line 60
add_bp {N:/ECE540/540FinalProject/Testbench/Worldselect/testbench.v} 60
remove_bps -file {N:/ECE540/540FinalProject/Testbench/Worldselect/testbench.v} -line 60
run all
run all
close_sim
launch_simulation
launch_simulation
open_wave_config N:/ECE540/540FinalProject/Worldselect/worldselect_project/worldselect_project.srcs/sim_1/imports/worldselect_project/top_behav.wcfg
source top.tcl
run 100 us
close_sim
launch_simulation
open_wave_config N:/ECE540/540FinalProject/Worldselect/worldselect_project/worldselect_project.srcs/sim_1/imports/worldselect_project/top_behav.wcfg
source top.tcl
relaunch_sim
close_sim
